// Jest Snapshot v1, https://goo.gl/fbAQLP

exports[`App Component test should render with given state from Redux store 1`] = `
<div
  className="App"
>
  <div
    className="App-header"
  >
    <div>
      <div
        className="field "
      >
        <label
          className="label"
        >
          Search
          : 
        </label>
        <input
          autoComplete="off"
          className="input"
          name="searchField"
          onBlur={[Function]}
          onChange={[Function]}
          onDragStart={[Function]}
          onDrop={[Function]}
          onFocus={[Function]}
          value=""
        />
      </div>
    </div>
  </div>
  <div
    className="grid"
  >
    No Results
  </div>
</div>
`;
